/home/lhl/hipEngine/.venv/lib/python3.13/site-packages/fastapi/testclient.py:1: StarletteDeprecationWarning: Using `httpx` with `starlette.testclient` is deprecated; install `httpx2` instead.
  from starlette.testclient import TestClient as TestClient  # noqa
{"width": 1, "prompt": "code_merge_intervals", "ar_tok_s": 1.636595141671152, "mtp_tok_s": 1.6346439530575032, "correctness": {"ar_self_exact": true, "mtp_self_exact": true, "ar_mtp_equal": true, "passed": true}, "engaged": false, "budget_conformed": true}
{"width": 1, "prompt": "code_topological_sort", "ar_tok_s": 1.6191947800291497, "mtp_tok_s": 1.6184837817316502, "correctness": {"ar_self_exact": true, "mtp_self_exact": true, "ar_mtp_equal": true, "passed": true}, "engaged": false, "budget_conformed": true}
{"width": 1, "prompt": "code_lru_cache", "ar_tok_s": 1.620723580348275, "mtp_tok_s": 1.6243822744864413, "correctness": {"ar_self_exact": true, "mtp_self_exact": true, "ar_mtp_equal": true, "passed": true}, "engaged": false, "budget_conformed": true}
{"width": 1, "prompt": "code_markdown_table", "ar_tok_s": 1.6113960718869558, "mtp_tok_s": 1.6193934333409208, "correctness": {"ar_self_exact": true, "mtp_self_exact": true, "ar_mtp_equal": true, "passed": true}, "engaged": false, "budget_conformed": true}
{"width": 1, "prompt": "general_en_plan", "ar_tok_s": 1.637378755707028, "mtp_tok_s": 1.6310036308555256, "correctness": {"ar_self_exact": true, "mtp_self_exact": true, "ar_mtp_equal": true, "passed": true}, "engaged": false, "budget_conformed": true}
{"width": 1, "prompt": "general_en_explain", "ar_tok_s": 1.6349008112114136, "mtp_tok_s": 1.631896039811858, "correctness": {"ar_self_exact": true, "mtp_self_exact": true, "ar_mtp_equal": true, "passed": true}, "engaged": false, "budget_conformed": true}
{"width": 1, "prompt": "general_ja_plan", "ar_tok_s": 1.6283660162359503, "mtp_tok_s": 1.6289289492263415, "correctness": {"ar_self_exact": true, "mtp_self_exact": true, "ar_mtp_equal": true, "passed": true}, "engaged": false, "budget_conformed": true}
{"width": 1, "prompt": "general_ja_explain", "ar_tok_s": 1.6297724932026538, "mtp_tok_s": 1.6259810253285456, "correctness": {"ar_self_exact": true, "mtp_self_exact": true, "ar_mtp_equal": true, "passed": true}, "engaged": false, "budget_conformed": true}
{"width": 1, "prompt": "mixed_ja_en_translate", "ar_tok_s": 1.498557441684901, "mtp_tok_s": 1.506251351754712, "correctness": {"ar_self_exact": true, "mtp_self_exact": true, "ar_mtp_equal": true, "passed": true}, "engaged": false, "budget_conformed": true}
{"width": 1, "prompt": "mixed_ja_en_review", "ar_tok_s": 1.4446499738628371, "mtp_tok_s": 1.4530080789146518, "correctness": {"ar_self_exact": true, "mtp_self_exact": true, "ar_mtp_equal": true, "passed": true}, "engaged": false, "budget_conformed": true}
{"width": 2, "prompt": "code_merge_intervals", "ar_tok_s": 1.7277259294351843, "mtp_tok_s": 2.6516933816483204, "correctness": {"ar_self_exact": true, "mtp_self_exact": true, "ar_mtp_equal": true, "passed": true}, "engaged": false, "budget_conformed": true}
{"width": 2, "prompt": "code_topological_sort", "ar_tok_s": 1.693714584317342, "mtp_tok_s": 2.6253041283268526, "correctness": {"ar_self_exact": true, "mtp_self_exact": true, "ar_mtp_equal": true, "passed": true}, "engaged": false, "budget_conformed": true}
{"width": 2, "prompt": "code_lru_cache", "ar_tok_s": 1.6965677974609539, "mtp_tok_s": 2.6382985797781333, "correctness": {"ar_self_exact": true, "mtp_self_exact": true, "ar_mtp_equal": true, "passed": true}, "engaged": false, "budget_conformed": true}
{"width": 2, "prompt": "code_markdown_table", "ar_tok_s": 1.6905966368537337, "mtp_tok_s": 2.62655886488623, "correctness": {"ar_self_exact": true, "mtp_self_exact": true, "ar_mtp_equal": true, "passed": true}, "engaged": false, "budget_conformed": true}
{"width": 2, "prompt": "general_en_plan", "ar_tok_s": 1.708933317117535, "mtp_tok_s": 2.6551767964616575, "correctness": {"ar_self_exact": true, "mtp_self_exact": true, "ar_mtp_equal": true, "passed": true}, "engaged": false, "budget_conformed": true}
{"width": 2, "prompt": "general_en_explain", "ar_tok_s": 1.7068659195273619, "mtp_tok_s": 2.6509145258139704, "correctness": {"ar_self_exact": true, "mtp_self_exact": true, "ar_mtp_equal": true, "passed": true}, "engaged": false, "budget_conformed": true}
{"width": 2, "prompt": "general_ja_plan", "ar_tok_s": 1.7016599738817055, "mtp_tok_s": 2.692742448519729, "correctness": {"ar_self_exact": true, "mtp_self_exact": true, "ar_mtp_equal": true, "passed": true}, "engaged": false, "budget_conformed": true}
{"width": 2, "prompt": "general_ja_explain", "ar_tok_s": 1.7187063049233664, "mtp_tok_s": 2.643278976116178, "correctness": {"ar_self_exact": true, "mtp_self_exact": true, "ar_mtp_equal": true, "passed": true}, "engaged": false, "budget_conformed": true}
{"width": 2, "prompt": "mixed_ja_en_translate", "ar_tok_s": 1.5684195338409923, "mtp_tok_s": 2.5728797450183074, "correctness": {"ar_self_exact": true, "mtp_self_exact": true, "ar_mtp_equal": true, "passed": true}, "engaged": false, "budget_conformed": true}
{"width": 2, "prompt": "mixed_ja_en_review", "ar_tok_s": 1.4958230562715547, "mtp_tok_s": 2.420419888397337, "correctness": {"ar_self_exact": true, "mtp_self_exact": true, "ar_mtp_equal": true, "passed": true}, "engaged": false, "budget_conformed": true}
{"width": 3, "prompt": "code_merge_intervals", "ar_tok_s": 2.3075642555194693, "mtp_tok_s": 3.697252591253126, "correctness": {"ar_self_exact": true, "mtp_self_exact": true, "ar_mtp_equal": true, "passed": true}, "engaged": false, "budget_conformed": true}
{"width": 3, "prompt": "code_topological_sort", "ar_tok_s": 3.389081957486854, "mtp_tok_s": 3.3885487565937953, "correctness": {"ar_self_exact": true, "mtp_self_exact": true, "ar_mtp_equal": true, "passed": true}, "engaged": false, "budget_conformed": true}
{"width": 3, "prompt": "code_lru_cache", "ar_tok_s": 2.3075142174846115, "mtp_tok_s": 3.3968416243491957, "correctness": {"ar_self_exact": true, "mtp_self_exact": true, "ar_mtp_equal": true, "passed": true}, "engaged": false, "budget_conformed": true}
{"width": 3, "prompt": "code_markdown_table", "ar_tok_s": 2.2551394535116596, "mtp_tok_s": 3.3775145220887928, "correctness": {"ar_self_exact": true, "mtp_self_exact": true, "ar_mtp_equal": true, "passed": true}, "engaged": false, "budget_conformed": true}
{"width": 3, "prompt": "general_en_plan", "ar_tok_s": 2.2889799217322397, "mtp_tok_s": 3.6063837986676637, "correctness": {"ar_self_exact": true, "mtp_self_exact": true, "ar_mtp_equal": true, "passed": true}, "engaged": false, "budget_conformed": true}
{"width": 3, "prompt": "general_en_explain", "ar_tok_s": 2.2869306277644315, "mtp_tok_s": 3.664419413611432, "correctness": {"ar_self_exact": true, "mtp_self_exact": true, "ar_mtp_equal": true, "passed": true}, "engaged": false, "budget_conformed": true}
{"width": 3, "prompt": "general_ja_plan", "ar_tok_s": 2.2765500019754987, "mtp_tok_s": 3.6988413574127046, "correctness": {"ar_self_exact": true, "mtp_self_exact": true, "ar_mtp_equal": true, "passed": true}, "engaged": false, "budget_conformed": true}
{"width": 3, "prompt": "general_ja_explain", "ar_tok_s": 2.3148116748857204, "mtp_tok_s": 3.6063606169645492, "correctness": {"ar_self_exact": true, "mtp_self_exact": true, "ar_mtp_equal": true, "passed": true}, "engaged": false, "budget_conformed": true}
{"width": 3, "prompt": "mixed_ja_en_translate", "ar_tok_s": 2.1922448682792335, "mtp_tok_s": 3.268513737977196, "correctness": {"ar_self_exact": true, "mtp_self_exact": true, "ar_mtp_equal": true, "passed": true}, "engaged": false, "budget_conformed": true}
{"width": 3, "prompt": "mixed_ja_en_review", "ar_tok_s": 2.0426603070578224, "mtp_tok_s": 3.0992008283848542, "correctness": {"ar_self_exact": true, "mtp_self_exact": true, "ar_mtp_equal": true, "passed": true}, "engaged": false, "budget_conformed": true}
{"width": 4, "prompt": "code_merge_intervals", "ar_tok_s": 2.8739589474304834, "mtp_tok_s": 4.242532207077826, "correctness": {"ar_self_exact": true, "mtp_self_exact": true, "ar_mtp_equal": true, "passed": true}, "engaged": false, "budget_conformed": true}
{"width": 4, "prompt": "code_topological_sort", "ar_tok_s": 2.8139227147614356, "mtp_tok_s": 4.009504309674895, "correctness": {"ar_self_exact": true, "mtp_self_exact": true, "ar_mtp_equal": true, "passed": true}, "engaged": false, "budget_conformed": true}
{"width": 4, "prompt": "code_lru_cache", "ar_tok_s": 2.766010378522847, "mtp_tok_s": 4.0680510658316225, "correctness": {"ar_self_exact": true, "mtp_self_exact": true, "ar_mtp_equal": true, "passed": true}, "engaged": false, "budget_conformed": true}
{"width": 4, "prompt": "code_markdown_table", "ar_tok_s": 2.7500195068788695, "mtp_tok_s": 3.981988260974917, "correctness": {"ar_self_exact": true, "mtp_self_exact": true, "ar_mtp_equal": true, "passed": true}, "engaged": false, "budget_conformed": true}
{"width": 4, "prompt": "general_en_plan", "ar_tok_s": 2.8771222950253286, "mtp_tok_s": 4.234909197517388, "correctness": {"ar_self_exact": true, "mtp_self_exact": true, "ar_mtp_equal": true, "passed": true}, "engaged": false, "budget_conformed": true}
{"width": 4, "prompt": "general_en_explain", "ar_tok_s": 2.9315591696553294, "mtp_tok_s": 4.235901066585795, "correctness": {"ar_self_exact": true, "mtp_self_exact": true, "ar_mtp_equal": true, "passed": true}, "engaged": false, "budget_conformed": true}
{"width": 4, "prompt": "general_ja_plan", "ar_tok_s": 2.8579913026909423, "mtp_tok_s": 4.145780174453582, "correctness": {"ar_self_exact": true, "mtp_self_exact": true, "ar_mtp_equal": true, "passed": true}, "engaged": false, "budget_conformed": true}
{"width": 4, "prompt": "general_ja_explain", "ar_tok_s": 2.868744080895138, "mtp_tok_s": 4.15926811663279, "correctness": {"ar_self_exact": true, "mtp_self_exact": true, "ar_mtp_equal": true, "passed": true}, "engaged": false, "budget_conformed": true}
{"width": 4, "prompt": "mixed_ja_en_translate", "ar_tok_s": 2.5771309289500337, "mtp_tok_s": 3.6598137132881052, "correctness": {"ar_self_exact": true, "mtp_self_exact": true, "ar_mtp_equal": true, "passed": true}, "engaged": false, "budget_conformed": true}
{"width": 4, "prompt": "mixed_ja_en_review", "ar_tok_s": 2.457145115110095, "mtp_tok_s": 2.919636199451879, "correctness": {"ar_self_exact": true, "mtp_self_exact": true, "ar_mtp_equal": true, "passed": true}, "engaged": false, "budget_conformed": true}
{"width": 5, "prompt": "code_merge_intervals", "ar_tok_s": 3.3204581001281186, "mtp_tok_s": 4.718641144947048, "correctness": {"ar_self_exact": true, "mtp_self_exact": true, "ar_mtp_equal": true, "passed": true}, "engaged": false, "budget_conformed": true}
{"width": 5, "prompt": "code_topological_sort", "ar_tok_s": 3.199947820083812, "mtp_tok_s": 4.33548711320284, "correctness": {"ar_self_exact": true, "mtp_self_exact": true, "ar_mtp_equal": true, "passed": true}, "engaged": false, "budget_conformed": true}
{"width": 5, "prompt": "code_lru_cache", "ar_tok_s": 3.3035383268708367, "mtp_tok_s": 4.430854741319065, "correctness": {"ar_self_exact": true, "mtp_self_exact": true, "ar_mtp_equal": true, "passed": true}, "engaged": false, "budget_conformed": true}
{"width": 5, "prompt": "code_markdown_table", "ar_tok_s": 3.260066630549175, "mtp_tok_s": 4.3140873137180495, "correctness": {"ar_self_exact": true, "mtp_self_exact": true, "ar_mtp_equal": true, "passed": true}, "engaged": false, "budget_conformed": true}
{"width": 5, "prompt": "general_en_plan", "ar_tok_s": 3.326699951042377, "mtp_tok_s": 4.764530812314054, "correctness": {"ar_self_exact": true, "mtp_self_exact": true, "ar_mtp_equal": true, "passed": true}, "engaged": false, "budget_conformed": true}
{"width": 5, "prompt": "general_en_explain", "ar_tok_s": 3.3212347349551674, "mtp_tok_s": 4.702952266218243, "correctness": {"ar_self_exact": true, "mtp_self_exact": true, "ar_mtp_equal": true, "passed": true}, "engaged": false, "budget_conformed": true}
{"width": 5, "prompt": "general_ja_plan", "ar_tok_s": 3.337231644813888, "mtp_tok_s": 4.542308567907282, "correctness": {"ar_self_exact": true, "mtp_self_exact": true, "ar_mtp_equal": true, "passed": true}, "engaged": false, "budget_conformed": true}
{"width": 5, "prompt": "general_ja_explain", "ar_tok_s": 3.284442920125045, "mtp_tok_s": 4.523322082807984, "correctness": {"ar_self_exact": true, "mtp_self_exact": true, "ar_mtp_equal": true, "passed": true}, "engaged": false, "budget_conformed": true}
{"width": 5, "prompt": "mixed_ja_en_translate", "ar_tok_s": 2.922818601423059, "mtp_tok_s": 3.290221129583072, "correctness": {"ar_self_exact": true, "mtp_self_exact": true, "ar_mtp_equal": true, "passed": true}, "engaged": false, "budget_conformed": true}
{"width": 5, "prompt": "mixed_ja_en_review", "ar_tok_s": 2.4799749920812757, "mtp_tok_s": 3.029622666969984, "correctness": {"ar_self_exact": true, "mtp_self_exact": true, "ar_mtp_equal": true, "passed": true}, "engaged": false, "budget_conformed": true}
{"width": 6, "prompt": "code_merge_intervals", "ar_tok_s": 3.7004375126351716, "mtp_tok_s": 5.060998259106448, "correctness": {"ar_self_exact": true, "mtp_self_exact": true, "ar_mtp_equal": true, "passed": true}, "engaged": false, "budget_conformed": true}
{"width": 6, "prompt": "code_topological_sort", "ar_tok_s": 3.4977795069472672, "mtp_tok_s": 3.930821148617447, "correctness": {"ar_self_exact": true, "mtp_self_exact": true, "ar_mtp_equal": true, "passed": true}, "engaged": false, "budget_conformed": true}
{"width": 6, "prompt": "code_lru_cache", "ar_tok_s": 3.54478512875038, "mtp_tok_s": 4.06435411610188, "correctness": {"ar_self_exact": true, "mtp_self_exact": true, "ar_mtp_equal": true, "passed": true}, "engaged": false, "budget_conformed": true}
{"width": 6, "prompt": "code_markdown_table", "ar_tok_s": 3.471657193983667, "mtp_tok_s": 3.8880873997283745, "correctness": {"ar_self_exact": true, "mtp_self_exact": true, "ar_mtp_equal": true, "passed": true}, "engaged": false, "budget_conformed": true}
{"width": 6, "prompt": "general_en_plan", "ar_tok_s": 3.7988085331205257, "mtp_tok_s": 5.076869078028585, "correctness": {"ar_self_exact": true, "mtp_self_exact": true, "ar_mtp_equal": true, "passed": true}, "engaged": false, "budget_conformed": true}
{"width": 6, "prompt": "general_en_explain", "ar_tok_s": 3.7097347408328627, "mtp_tok_s": 5.224415321675589, "correctness": {"ar_self_exact": true, "mtp_self_exact": true, "ar_mtp_equal": true, "passed": true}, "engaged": false, "budget_conformed": true}
{"width": 6, "prompt": "general_ja_plan", "ar_tok_s": 3.6033695794224516, "mtp_tok_s": 4.955921280483928, "correctness": {"ar_self_exact": true, "mtp_self_exact": true, "ar_mtp_equal": true, "passed": true}, "engaged": false, "budget_conformed": true}
{"width": 6, "prompt": "general_ja_explain", "ar_tok_s": 3.61976142730965, "mtp_tok_s": 4.933567215070284, "correctness": {"ar_self_exact": true, "mtp_self_exact": true, "ar_mtp_equal": true, "passed": true}, "engaged": false, "budget_conformed": true}
{"width": 6, "prompt": "mixed_ja_en_translate", "ar_tok_s": 2.8138854781053526, "mtp_tok_s": 3.4187871371117775, "correctness": {"ar_self_exact": true, "mtp_self_exact": true, "ar_mtp_equal": true, "passed": true}, "engaged": false, "budget_conformed": true}
{"width": 6, "prompt": "mixed_ja_en_review", "ar_tok_s": 2.6190418867543195, "mtp_tok_s": 3.2479697801226455, "correctness": {"ar_self_exact": true, "mtp_self_exact": true, "ar_mtp_equal": true, "passed": true}, "engaged": false, "budget_conformed": true}
{"width": 7, "prompt": "code_merge_intervals", "ar_tok_s": 4.008990913506169, "mtp_tok_s": 5.413086277942356, "correctness": {"ar_self_exact": true, "mtp_self_exact": true, "ar_mtp_equal": true, "passed": true}, "engaged": false, "budget_conformed": true}
{"width": 7, "prompt": "code_topological_sort", "ar_tok_s": 3.348426658264232, "mtp_tok_s": 4.00896664909276, "correctness": {"ar_self_exact": true, "mtp_self_exact": true, "ar_mtp_equal": true, "passed": true}, "engaged": false, "budget_conformed": true}
{"width": 7, "prompt": "code_lru_cache", "ar_tok_s": 3.4211954435103613, "mtp_tok_s": 4.409176563879066, "correctness": {"ar_self_exact": true, "mtp_self_exact": true, "ar_mtp_equal": true, "passed": true}, "engaged": false, "budget_conformed": true}
{"width": 7, "prompt": "code_markdown_table", "ar_tok_s": 3.3367016751048286, "mtp_tok_s": 3.9612567812037947, "correctness": {"ar_self_exact": true, "mtp_self_exact": true, "ar_mtp_equal": true, "passed": true}, "engaged": false, "budget_conformed": true}
{"width": 7, "prompt": "general_en_plan", "ar_tok_s": 4.080408949345262, "mtp_tok_s": 5.240451997625993, "correctness": {"ar_self_exact": true, "mtp_self_exact": true, "ar_mtp_equal": true, "passed": true}, "engaged": false, "budget_conformed": true}
{"width": 7, "prompt": "general_en_explain", "ar_tok_s": 5.410890130457274, "mtp_tok_s": 5.41154827745523, "correctness": {"ar_self_exact": true, "mtp_self_exact": true, "ar_mtp_equal": true, "passed": true}, "engaged": false, "budget_conformed": true}
{"width": 7, "prompt": "general_ja_plan", "ar_tok_s": 3.947708190593183, "mtp_tok_s": 4.437272786335067, "correctness": {"ar_self_exact": true, "mtp_self_exact": true, "ar_mtp_equal": true, "passed": true}, "engaged": false, "budget_conformed": true}
{"width": 7, "prompt": "general_ja_explain", "ar_tok_s": 3.9442917478220934, "mtp_tok_s": 4.43837257081742, "correctness": {"ar_self_exact": true, "mtp_self_exact": true, "ar_mtp_equal": true, "passed": true}, "engaged": false, "budget_conformed": true}
{"width": 7, "prompt": "mixed_ja_en_translate", "ar_tok_s": 2.9602847114792024, "mtp_tok_s": 3.663262790696498, "correctness": {"ar_self_exact": true, "mtp_self_exact": true, "ar_mtp_equal": true, "passed": true}, "engaged": false, "budget_conformed": true}
{"width": 7, "prompt": "mixed_ja_en_review", "ar_tok_s": 2.811483616164177, "mtp_tok_s": 3.4308239939348213, "correctness": {"ar_self_exact": true, "mtp_self_exact": true, "ar_mtp_equal": true, "passed": true}, "engaged": false, "budget_conformed": true}
{"width": 8, "prompt": "code_merge_intervals", "ar_tok_s": 4.323601547044733, "mtp_tok_s": 4.863121026539973, "correctness": {"ar_self_exact": true, "mtp_self_exact": true, "ar_mtp_equal": true, "passed": true}, "engaged": false, "budget_conformed": true}
{"width": 8, "prompt": "code_topological_sort", "ar_tok_s": 3.4654402534872255, "mtp_tok_s": 4.272506638345515, "correctness": {"ar_self_exact": true, "mtp_self_exact": true, "ar_mtp_equal": true, "passed": true}, "engaged": false, "budget_conformed": true}
{"width": 8, "prompt": "code_lru_cache", "ar_tok_s": 3.6413720656563475, "mtp_tok_s": 4.3388801013943485, "correctness": {"ar_self_exact": true, "mtp_self_exact": true, "ar_mtp_equal": true, "passed": true}, "engaged": false, "budget_conformed": true}
{"width": 8, "prompt": "code_markdown_table", "ar_tok_s": 4.261660597634992, "mtp_tok_s": 4.213446242793319, "correctness": {"ar_self_exact": true, "mtp_self_exact": true, "ar_mtp_equal": true, "passed": true}, "engaged": false, "budget_conformed": true}
{"width": 8, "prompt": "general_en_plan", "ar_tok_s": 4.872200951050119, "mtp_tok_s": 4.879376485190343, "correctness": {"ar_self_exact": true, "mtp_self_exact": true, "ar_mtp_equal": true, "passed": true}, "engaged": false, "budget_conformed": true}
{"width": 8, "prompt": "general_en_explain", "ar_tok_s": 4.260184343029502, "mtp_tok_s": 4.856488747862185, "correctness": {"ar_self_exact": true, "mtp_self_exact": true, "ar_mtp_equal": true, "passed": true}, "engaged": false, "budget_conformed": true}
{"width": 8, "prompt": "general_ja_plan", "ar_tok_s": 3.7423450622104193, "mtp_tok_s": 4.664865126567802, "correctness": {"ar_self_exact": true, "mtp_self_exact": true, "ar_mtp_equal": true, "passed": true}, "engaged": false, "budget_conformed": true}
{"width": 8, "prompt": "general_ja_explain", "ar_tok_s": 3.8486931360292957, "mtp_tok_s": 4.599128455121611, "correctness": {"ar_self_exact": true, "mtp_self_exact": true, "ar_mtp_equal": true, "passed": true}, "engaged": false, "budget_conformed": true}
{"width": 8, "prompt": "mixed_ja_en_translate", "ar_tok_s": 3.143756940862138, "mtp_tok_s": 3.818042371011841, "correctness": {"ar_self_exact": true, "mtp_self_exact": true, "ar_mtp_equal": true, "passed": true}, "engaged": false, "budget_conformed": true}
{"width": 8, "prompt": "mixed_ja_en_review", "ar_tok_s": 3.0534570829121495, "mtp_tok_s": 3.7058022755665303, "correctness": {"ar_self_exact": true, "mtp_self_exact": true, "ar_mtp_equal": true, "passed": true}, "engaged": false, "budget_conformed": true}
{"status": "complete", "output": "/home/lhl/.local/state/hipengine-external-survey/results/q4-standard/hipengine-a9b801d59-prefill-dominant-c1c8.json"}
