/home/lhl/hipEngine/.venv/lib/python3.13/site-packages/fastapi/testclient.py:1: StarletteDeprecationWarning: Using `httpx` with `starlette.testclient` is deprecated; install `httpx2` instead.
  from starlette.testclient import TestClient as TestClient  # noqa
{"width": 1, "prompt": "code_merge_intervals", "ar_tok_s": 9.70592804479446, "mtp_tok_s": 6.637431169993186, "correctness": {"ar_self_exact": true, "mtp_self_exact": true, "ar_mtp_equal": true, "passed": true}, "engaged": true, "budget_conformed": true}
{"width": 1, "prompt": "code_topological_sort", "ar_tok_s": 9.653264892580069, "mtp_tok_s": 6.96725790190468, "correctness": {"ar_self_exact": true, "mtp_self_exact": true, "ar_mtp_equal": true, "passed": true}, "engaged": true, "budget_conformed": true}
{"width": 1, "prompt": "code_lru_cache", "ar_tok_s": 9.656945618455596, "mtp_tok_s": 7.2430992846961, "correctness": {"ar_self_exact": true, "mtp_self_exact": true, "ar_mtp_equal": true, "passed": true}, "engaged": true, "budget_conformed": true}
{"width": 1, "prompt": "code_markdown_table", "ar_tok_s": 9.649037636360221, "mtp_tok_s": 7.972093913598093, "correctness": {"ar_self_exact": true, "mtp_self_exact": true, "ar_mtp_equal": true, "passed": true}, "engaged": true, "budget_conformed": true}
{"width": 1, "prompt": "general_en_plan", "ar_tok_s": 9.68732320949275, "mtp_tok_s": 7.96105611376926, "correctness": {"ar_self_exact": true, "mtp_self_exact": true, "ar_mtp_equal": true, "passed": true}, "engaged": true, "budget_conformed": true}
{"width": 1, "prompt": "general_en_explain", "ar_tok_s": 9.696587721958224, "mtp_tok_s": 7.344586587533579, "correctness": {"ar_self_exact": true, "mtp_self_exact": true, "ar_mtp_equal": true, "passed": true}, "engaged": true, "budget_conformed": true}
{"width": 1, "prompt": "general_ja_plan", "ar_tok_s": 9.673300319006346, "mtp_tok_s": 6.625348040697389, "correctness": {"ar_self_exact": true, "mtp_self_exact": true, "ar_mtp_equal": true, "passed": true}, "engaged": true, "budget_conformed": true}
{"width": 1, "prompt": "general_ja_explain", "ar_tok_s": 9.722089671373924, "mtp_tok_s": 6.608141143599825, "correctness": {"ar_self_exact": true, "mtp_self_exact": true, "ar_mtp_equal": true, "passed": true}, "engaged": true, "budget_conformed": true}
{"width": 1, "prompt": "mixed_ja_en_translate", "ar_tok_s": 9.525595572867347, "mtp_tok_s": 6.920515149485693, "correctness": {"ar_self_exact": true, "mtp_self_exact": true, "ar_mtp_equal": true, "passed": true}, "engaged": true, "budget_conformed": true}
{"width": 1, "prompt": "mixed_ja_en_review", "ar_tok_s": 9.405948340214644, "mtp_tok_s": 6.778004627963427, "correctness": {"ar_self_exact": true, "mtp_self_exact": true, "ar_mtp_equal": true, "passed": true}, "engaged": true, "budget_conformed": true}
{"width": 2, "prompt": "code_merge_intervals", "ar_tok_s": 14.393402251769713, "mtp_tok_s": 16.908344628190406, "correctness": {"ar_self_exact": true, "mtp_self_exact": true, "ar_mtp_equal": true, "passed": true}, "engaged": true, "budget_conformed": true}
{"width": 2, "prompt": "code_topological_sort", "ar_tok_s": 14.18868115935308, "mtp_tok_s": 17.413802040159972, "correctness": {"ar_self_exact": true, "mtp_self_exact": true, "ar_mtp_equal": true, "passed": true}, "engaged": true, "budget_conformed": true}
{"width": 2, "prompt": "code_lru_cache", "ar_tok_s": 14.330382308488833, "mtp_tok_s": 17.315622430113997, "correctness": {"ar_self_exact": true, "mtp_self_exact": true, "ar_mtp_equal": true, "passed": true}, "engaged": true, "budget_conformed": true}
{"width": 2, "prompt": "code_markdown_table", "ar_tok_s": 14.329739985164744, "mtp_tok_s": 19.163765818037042, "correctness": {"ar_self_exact": true, "mtp_self_exact": true, "ar_mtp_equal": true, "passed": true}, "engaged": true, "budget_conformed": true}
{"width": 2, "prompt": "general_en_plan", "ar_tok_s": 14.418726180716893, "mtp_tok_s": 19.89142213382165, "correctness": {"ar_self_exact": true, "mtp_self_exact": true, "ar_mtp_equal": true, "passed": true}, "engaged": true, "budget_conformed": true}
{"width": 2, "prompt": "general_en_explain", "ar_tok_s": 14.364633470988107, "mtp_tok_s": 19.46245594386641, "correctness": {"ar_self_exact": true, "mtp_self_exact": true, "ar_mtp_equal": true, "passed": true}, "engaged": true, "budget_conformed": true}
{"width": 2, "prompt": "general_ja_plan", "ar_tok_s": 14.361949595379214, "mtp_tok_s": 16.756226282057128, "correctness": {"ar_self_exact": true, "mtp_self_exact": true, "ar_mtp_equal": true, "passed": true}, "engaged": true, "budget_conformed": true}
{"width": 2, "prompt": "general_ja_explain", "ar_tok_s": 14.416945289257248, "mtp_tok_s": 17.98105820244372, "correctness": {"ar_self_exact": true, "mtp_self_exact": true, "ar_mtp_equal": true, "passed": true}, "engaged": true, "budget_conformed": true}
{"width": 2, "prompt": "mixed_ja_en_translate", "ar_tok_s": 13.947573688681306, "mtp_tok_s": 15.627835067423705, "correctness": {"ar_self_exact": true, "mtp_self_exact": true, "ar_mtp_equal": true, "passed": true}, "engaged": true, "budget_conformed": true}
{"width": 2, "prompt": "mixed_ja_en_review", "ar_tok_s": 13.75193875074378, "mtp_tok_s": 14.87208721766237, "correctness": {"ar_self_exact": true, "mtp_self_exact": true, "ar_mtp_equal": true, "passed": true}, "engaged": true, "budget_conformed": true}
{"width": 3, "prompt": "code_merge_intervals", "ar_tok_s": 20.61888319677561, "mtp_tok_s": 20.329380950792945, "correctness": {"ar_self_exact": true, "mtp_self_exact": true, "ar_mtp_equal": true, "passed": true}, "engaged": true, "budget_conformed": true}
{"width": 3, "prompt": "code_topological_sort", "ar_tok_s": 20.620445922237547, "mtp_tok_s": 19.297049399310872, "correctness": {"ar_self_exact": true, "mtp_self_exact": true, "ar_mtp_equal": true, "passed": true}, "engaged": true, "budget_conformed": true}
{"width": 3, "prompt": "code_lru_cache", "ar_tok_s": 23.470736533450577, "mtp_tok_s": 20.77618860135172, "correctness": {"ar_self_exact": true, "mtp_self_exact": true, "ar_mtp_equal": true, "passed": true}, "engaged": true, "budget_conformed": true}
{"width": 3, "prompt": "code_markdown_table", "ar_tok_s": 20.543402270368638, "mtp_tok_s": 21.112731054683476, "correctness": {"ar_self_exact": true, "mtp_self_exact": true, "ar_mtp_equal": true, "passed": true}, "engaged": true, "budget_conformed": true}
{"width": 3, "prompt": "general_en_plan", "ar_tok_s": 20.627719135803645, "mtp_tok_s": 22.40857825922016, "correctness": {"ar_self_exact": true, "mtp_self_exact": true, "ar_mtp_equal": true, "passed": true}, "engaged": true, "budget_conformed": true}
{"width": 3, "prompt": "general_en_explain", "ar_tok_s": 20.58774157979827, "mtp_tok_s": 21.460755972193194, "correctness": {"ar_self_exact": true, "mtp_self_exact": true, "ar_mtp_equal": true, "passed": true}, "engaged": true, "budget_conformed": true}
{"width": 3, "prompt": "general_ja_plan", "ar_tok_s": 20.600244434686427, "mtp_tok_s": 20.258633213592695, "correctness": {"ar_self_exact": true, "mtp_self_exact": true, "ar_mtp_equal": true, "passed": true}, "engaged": true, "budget_conformed": true}
{"width": 3, "prompt": "general_ja_explain", "ar_tok_s": 20.590752239276405, "mtp_tok_s": 19.60639627914622, "correctness": {"ar_self_exact": true, "mtp_self_exact": true, "ar_mtp_equal": true, "passed": true}, "engaged": true, "budget_conformed": true}
{"width": 3, "prompt": "mixed_ja_en_translate", "ar_tok_s": 20.191607094372507, "mtp_tok_s": 18.575651854116845, "correctness": {"ar_self_exact": true, "mtp_self_exact": true, "ar_mtp_equal": true, "passed": true}, "engaged": true, "budget_conformed": true}
{"width": 3, "prompt": "mixed_ja_en_review", "ar_tok_s": 19.840808124162308, "mtp_tok_s": 17.71092424274827, "correctness": {"ar_self_exact": true, "mtp_self_exact": true, "ar_mtp_equal": true, "passed": true}, "engaged": true, "budget_conformed": true}
{"width": 4, "prompt": "code_merge_intervals", "ar_tok_s": 26.741022448905692, "mtp_tok_s": 16.21236993843314, "correctness": {"ar_self_exact": true, "mtp_self_exact": true, "ar_mtp_equal": true, "passed": true}, "engaged": true, "budget_conformed": true}
{"width": 4, "prompt": "code_topological_sort", "ar_tok_s": 26.244233476929878, "mtp_tok_s": 15.57662934311419, "correctness": {"ar_self_exact": true, "mtp_self_exact": true, "ar_mtp_equal": true, "passed": true}, "engaged": true, "budget_conformed": true}
{"width": 4, "prompt": "code_lru_cache", "ar_tok_s": 26.37212701733418, "mtp_tok_s": 17.23869669257058, "correctness": {"ar_self_exact": true, "mtp_self_exact": true, "ar_mtp_equal": true, "passed": true}, "engaged": true, "budget_conformed": true}
{"width": 4, "prompt": "code_markdown_table", "ar_tok_s": 26.199494413516383, "mtp_tok_s": 18.210150892825627, "correctness": {"ar_self_exact": true, "mtp_self_exact": true, "ar_mtp_equal": true, "passed": true}, "engaged": true, "budget_conformed": true}
{"width": 4, "prompt": "general_en_plan", "ar_tok_s": 26.90915393994712, "mtp_tok_s": 18.15860637978053, "correctness": {"ar_self_exact": true, "mtp_self_exact": true, "ar_mtp_equal": true, "passed": true}, "engaged": true, "budget_conformed": true}
{"width": 4, "prompt": "general_en_explain", "ar_tok_s": 26.68781632252347, "mtp_tok_s": 17.70232179229108, "correctness": {"ar_self_exact": true, "mtp_self_exact": true, "ar_mtp_equal": true, "passed": true}, "engaged": true, "budget_conformed": true}
{"width": 4, "prompt": "general_ja_plan", "ar_tok_s": 26.712166480317546, "mtp_tok_s": 16.828013210765846, "correctness": {"ar_self_exact": true, "mtp_self_exact": true, "ar_mtp_equal": true, "passed": true}, "engaged": true, "budget_conformed": true}
{"width": 4, "prompt": "general_ja_explain", "ar_tok_s": 25.966611150267045, "mtp_tok_s": 15.797404420606398, "correctness": {"ar_self_exact": true, "mtp_self_exact": true, "ar_mtp_equal": true, "passed": true}, "engaged": true, "budget_conformed": true}
{"width": 4, "prompt": "mixed_ja_en_translate", "ar_tok_s": 25.51767382567012, "mtp_tok_s": 15.631160570228516, "correctness": {"ar_self_exact": true, "mtp_self_exact": true, "ar_mtp_equal": true, "passed": true}, "engaged": true, "budget_conformed": true}
{"width": 4, "prompt": "mixed_ja_en_review", "ar_tok_s": 24.94108612192739, "mtp_tok_s": 14.591891154276711, "correctness": {"ar_self_exact": true, "mtp_self_exact": true, "ar_mtp_equal": true, "passed": true}, "engaged": true, "budget_conformed": true}
{"width": 5, "prompt": "code_merge_intervals", "ar_tok_s": 31.534900414619543, "mtp_tok_s": 12.598376615562902, "correctness": {"ar_self_exact": true, "mtp_self_exact": true, "ar_mtp_equal": true, "passed": true}, "engaged": true, "budget_conformed": true}
{"width": 5, "prompt": "code_topological_sort", "ar_tok_s": 31.04133325434601, "mtp_tok_s": 12.498893605652407, "correctness": {"ar_self_exact": true, "mtp_self_exact": true, "ar_mtp_equal": true, "passed": true}, "engaged": true, "budget_conformed": true}
{"width": 5, "prompt": "code_lru_cache", "ar_tok_s": 31.4110422556157, "mtp_tok_s": 13.505755079345786, "correctness": {"ar_self_exact": true, "mtp_self_exact": true, "ar_mtp_equal": true, "passed": true}, "engaged": true, "budget_conformed": true}
{"width": 5, "prompt": "code_markdown_table", "ar_tok_s": 31.105376531299346, "mtp_tok_s": 14.324223358948172, "correctness": {"ar_self_exact": true, "mtp_self_exact": true, "ar_mtp_equal": true, "passed": true}, "engaged": true, "budget_conformed": true}
{"width": 5, "prompt": "general_en_plan", "ar_tok_s": 35.831327647851246, "mtp_tok_s": 14.404987864739299, "correctness": {"ar_self_exact": true, "mtp_self_exact": true, "ar_mtp_equal": true, "passed": true}, "engaged": true, "budget_conformed": true}
{"width": 5, "prompt": "general_en_explain", "ar_tok_s": 31.53230608377793, "mtp_tok_s": 13.593788916831926, "correctness": {"ar_self_exact": true, "mtp_self_exact": true, "ar_mtp_equal": true, "passed": true}, "engaged": true, "budget_conformed": true}
{"width": 5, "prompt": "general_ja_plan", "ar_tok_s": 31.448133386030676, "mtp_tok_s": 12.703683487662943, "correctness": {"ar_self_exact": true, "mtp_self_exact": true, "ar_mtp_equal": true, "passed": true}, "engaged": true, "budget_conformed": true}
{"width": 5, "prompt": "general_ja_explain", "ar_tok_s": 31.369365606740782, "mtp_tok_s": 12.205556959554997, "correctness": {"ar_self_exact": true, "mtp_self_exact": true, "ar_mtp_equal": true, "passed": true}, "engaged": true, "budget_conformed": true}
{"width": 5, "prompt": "mixed_ja_en_translate", "ar_tok_s": 29.844892304380018, "mtp_tok_s": 12.48955196694646, "correctness": {"ar_self_exact": true, "mtp_self_exact": true, "ar_mtp_equal": true, "passed": true}, "engaged": true, "budget_conformed": true}
{"width": 5, "prompt": "mixed_ja_en_review", "ar_tok_s": 27.8564272220241, "mtp_tok_s": 11.864313034222068, "correctness": {"ar_self_exact": true, "mtp_self_exact": true, "ar_mtp_equal": true, "passed": true}, "engaged": true, "budget_conformed": true}
{"width": 6, "prompt": "code_merge_intervals", "ar_tok_s": 35.90135791500211, "mtp_tok_s": 16.42381161169429, "correctness": {"ar_self_exact": true, "mtp_self_exact": true, "ar_mtp_equal": true, "passed": true}, "engaged": true, "budget_conformed": true}
{"width": 6, "prompt": "code_topological_sort", "ar_tok_s": 34.92795409671515, "mtp_tok_s": 16.194446967772606, "correctness": {"ar_self_exact": true, "mtp_self_exact": true, "ar_mtp_equal": true, "passed": true}, "engaged": true, "budget_conformed": true}
{"width": 6, "prompt": "code_lru_cache", "ar_tok_s": 35.54712316299539, "mtp_tok_s": 17.265893527809407, "correctness": {"ar_self_exact": true, "mtp_self_exact": true, "ar_mtp_equal": true, "passed": true}, "engaged": true, "budget_conformed": true}
{"width": 6, "prompt": "code_markdown_table", "ar_tok_s": 34.95966014718052, "mtp_tok_s": 18.3229870055714, "correctness": {"ar_self_exact": true, "mtp_self_exact": true, "ar_mtp_equal": true, "passed": true}, "engaged": true, "budget_conformed": true}
{"width": 6, "prompt": "general_en_plan", "ar_tok_s": 35.96919835270262, "mtp_tok_s": 18.72758288844814, "correctness": {"ar_self_exact": true, "mtp_self_exact": true, "ar_mtp_equal": true, "passed": true}, "engaged": true, "budget_conformed": true}
{"width": 6, "prompt": "general_en_explain", "ar_tok_s": 35.81335870042045, "mtp_tok_s": 18.233454974165593, "correctness": {"ar_self_exact": true, "mtp_self_exact": true, "ar_mtp_equal": true, "passed": true}, "engaged": true, "budget_conformed": true}
{"width": 6, "prompt": "general_ja_plan", "ar_tok_s": 35.57828619667426, "mtp_tok_s": 16.96018310914722, "correctness": {"ar_self_exact": true, "mtp_self_exact": true, "ar_mtp_equal": true, "passed": true}, "engaged": true, "budget_conformed": true}
{"width": 6, "prompt": "general_ja_explain", "ar_tok_s": 35.46790908901241, "mtp_tok_s": 16.463898470687695, "correctness": {"ar_self_exact": true, "mtp_self_exact": true, "ar_mtp_equal": true, "passed": true}, "engaged": true, "budget_conformed": true}
{"width": 6, "prompt": "mixed_ja_en_translate", "ar_tok_s": 31.78338634132643, "mtp_tok_s": 15.863480569612316, "correctness": {"ar_self_exact": true, "mtp_self_exact": true, "ar_mtp_equal": true, "passed": true}, "engaged": true, "budget_conformed": true}
{"width": 6, "prompt": "mixed_ja_en_review", "ar_tok_s": 30.666272141205425, "mtp_tok_s": 14.85692428117829, "correctness": {"ar_self_exact": true, "mtp_self_exact": true, "ar_mtp_equal": true, "passed": true}, "engaged": true, "budget_conformed": true}
{"width": 7, "prompt": "code_merge_intervals", "ar_tok_s": 39.53508708740465, "mtp_tok_s": 17.817761488978107, "correctness": {"ar_self_exact": true, "mtp_self_exact": true, "ar_mtp_equal": true, "passed": true}, "engaged": true, "budget_conformed": true}
{"width": 7, "prompt": "code_topological_sort", "ar_tok_s": 36.214437333207805, "mtp_tok_s": 16.94369343709921, "correctness": {"ar_self_exact": true, "mtp_self_exact": true, "ar_mtp_equal": true, "passed": true}, "engaged": true, "budget_conformed": true}
{"width": 7, "prompt": "code_lru_cache", "ar_tok_s": 36.60581404219229, "mtp_tok_s": 18.591367471919778, "correctness": {"ar_self_exact": true, "mtp_self_exact": true, "ar_mtp_equal": true, "passed": true}, "engaged": true, "budget_conformed": true}
{"width": 7, "prompt": "code_markdown_table", "ar_tok_s": 36.07939611060609, "mtp_tok_s": 19.357596957589365, "correctness": {"ar_self_exact": true, "mtp_self_exact": true, "ar_mtp_equal": true, "passed": true}, "engaged": true, "budget_conformed": true}
{"width": 7, "prompt": "general_en_plan", "ar_tok_s": 39.18377034343534, "mtp_tok_s": 19.667345225907596, "correctness": {"ar_self_exact": true, "mtp_self_exact": true, "ar_mtp_equal": true, "passed": true}, "engaged": true, "budget_conformed": true}
{"width": 7, "prompt": "general_en_explain", "ar_tok_s": 38.35302165178132, "mtp_tok_s": 18.88256471721948, "correctness": {"ar_self_exact": true, "mtp_self_exact": true, "ar_mtp_equal": true, "passed": true}, "engaged": true, "budget_conformed": true}
{"width": 7, "prompt": "general_ja_plan", "ar_tok_s": 38.083897615977236, "mtp_tok_s": 17.862043759283843, "correctness": {"ar_self_exact": true, "mtp_self_exact": true, "ar_mtp_equal": true, "passed": true}, "engaged": true, "budget_conformed": true}
{"width": 7, "prompt": "general_ja_explain", "ar_tok_s": 37.77680742160517, "mtp_tok_s": 16.92115821186712, "correctness": {"ar_self_exact": true, "mtp_self_exact": true, "ar_mtp_equal": true, "passed": true}, "engaged": true, "budget_conformed": true}
{"width": 7, "prompt": "mixed_ja_en_translate", "ar_tok_s": 33.244582087461296, "mtp_tok_s": 16.361042659131883, "correctness": {"ar_self_exact": true, "mtp_self_exact": true, "ar_mtp_equal": true, "passed": true}, "engaged": true, "budget_conformed": true}
{"width": 7, "prompt": "mixed_ja_en_review", "ar_tok_s": 32.324500257048705, "mtp_tok_s": 15.246317814272759, "correctness": {"ar_self_exact": true, "mtp_self_exact": true, "ar_mtp_equal": true, "passed": true}, "engaged": true, "budget_conformed": true}
{"width": 8, "prompt": "code_merge_intervals", "ar_tok_s": 42.34897649240691, "mtp_tok_s": 15.841875617414868, "correctness": {"ar_self_exact": true, "mtp_self_exact": true, "ar_mtp_equal": true, "passed": true}, "engaged": true, "budget_conformed": true}
{"width": 8, "prompt": "code_topological_sort", "ar_tok_s": 37.31615090527477, "mtp_tok_s": 15.197474496141465, "correctness": {"ar_self_exact": true, "mtp_self_exact": true, "ar_mtp_equal": true, "passed": true}, "engaged": true, "budget_conformed": true}
{"width": 8, "prompt": "code_lru_cache", "ar_tok_s": 38.879381946958325, "mtp_tok_s": 16.720962368657027, "correctness": {"ar_self_exact": true, "mtp_self_exact": true, "ar_mtp_equal": true, "passed": true}, "engaged": true, "budget_conformed": true}
{"width": 8, "prompt": "code_markdown_table", "ar_tok_s": 37.96785483347584, "mtp_tok_s": 17.7298118534921, "correctness": {"ar_self_exact": true, "mtp_self_exact": true, "ar_mtp_equal": true, "passed": true}, "engaged": true, "budget_conformed": true}
{"width": 8, "prompt": "general_en_plan", "ar_tok_s": 42.241485946999504, "mtp_tok_s": 17.601807017521853, "correctness": {"ar_self_exact": true, "mtp_self_exact": true, "ar_mtp_equal": true, "passed": true}, "engaged": true, "budget_conformed": true}
{"width": 8, "prompt": "general_en_explain", "ar_tok_s": 42.099604037328554, "mtp_tok_s": 17.25500162131198, "correctness": {"ar_self_exact": true, "mtp_self_exact": true, "ar_mtp_equal": true, "passed": true}, "engaged": true, "budget_conformed": true}
{"width": 8, "prompt": "general_ja_plan", "ar_tok_s": 39.33221596530307, "mtp_tok_s": 16.360416519913645, "correctness": {"ar_self_exact": true, "mtp_self_exact": true, "ar_mtp_equal": true, "passed": true}, "engaged": true, "budget_conformed": true}
{"width": 8, "prompt": "general_ja_explain", "ar_tok_s": 39.60024653335031, "mtp_tok_s": 15.416354650720706, "correctness": {"ar_self_exact": true, "mtp_self_exact": true, "ar_mtp_equal": true, "passed": true}, "engaged": true, "budget_conformed": true}
{"width": 8, "prompt": "mixed_ja_en_translate", "ar_tok_s": 36.427476213646635, "mtp_tok_s": 15.156096010839164, "correctness": {"ar_self_exact": true, "mtp_self_exact": true, "ar_mtp_equal": true, "passed": true}, "engaged": true, "budget_conformed": true}
{"width": 8, "prompt": "mixed_ja_en_review", "ar_tok_s": 35.698022251535, "mtp_tok_s": 14.196080324352945, "correctness": {"ar_self_exact": true, "mtp_self_exact": true, "ar_mtp_equal": true, "passed": true}, "engaged": true, "budget_conformed": true}
{"status": "complete", "output": "/home/lhl/.local/state/hipengine-external-survey/results/q4-standard/hipengine-a9b801d59-explicit-ar-mtp-c1c8.json"}
