1/12 code-p512: teacher + candidate(layers=8,9,10,11,12,13,14,15,16,17,18,19,20,21,22,23,24,25,26,27,28,29,30,31,32,33,34,35,36,37,38,39,40,41,42,43,44,45,46,47) x 3
2/12 code-p1024: teacher + candidate(layers=8,9,10,11,12,13,14,15,16,17,18,19,20,21,22,23,24,25,26,27,28,29,30,31,32,33,34,35,36,37,38,39,40,41,42,43,44,45,46,47) x 3
3/12 code-p4096: teacher + candidate(layers=8,9,10,11,12,13,14,15,16,17,18,19,20,21,22,23,24,25,26,27,28,29,30,31,32,33,34,35,36,37,38,39,40,41,42,43,44,45,46,47) x 3
4/12 general_en-p512: teacher + candidate(layers=8,9,10,11,12,13,14,15,16,17,18,19,20,21,22,23,24,25,26,27,28,29,30,31,32,33,34,35,36,37,38,39,40,41,42,43,44,45,46,47) x 3
5/12 general_en-p1024: teacher + candidate(layers=8,9,10,11,12,13,14,15,16,17,18,19,20,21,22,23,24,25,26,27,28,29,30,31,32,33,34,35,36,37,38,39,40,41,42,43,44,45,46,47) x 3
6/12 general_en-p4096: teacher + candidate(layers=8,9,10,11,12,13,14,15,16,17,18,19,20,21,22,23,24,25,26,27,28,29,30,31,32,33,34,35,36,37,38,39,40,41,42,43,44,45,46,47) x 3
7/12 general_ja-p512: teacher + candidate(layers=8,9,10,11,12,13,14,15,16,17,18,19,20,21,22,23,24,25,26,27,28,29,30,31,32,33,34,35,36,37,38,39,40,41,42,43,44,45,46,47) x 3
8/12 general_ja-p1024: teacher + candidate(layers=8,9,10,11,12,13,14,15,16,17,18,19,20,21,22,23,24,25,26,27,28,29,30,31,32,33,34,35,36,37,38,39,40,41,42,43,44,45,46,47) x 3
9/12 general_ja-p4096: teacher + candidate(layers=8,9,10,11,12,13,14,15,16,17,18,19,20,21,22,23,24,25,26,27,28,29,30,31,32,33,34,35,36,37,38,39,40,41,42,43,44,45,46,47) x 3
10/12 mixed_ja_en-p512: teacher + candidate(layers=8,9,10,11,12,13,14,15,16,17,18,19,20,21,22,23,24,25,26,27,28,29,30,31,32,33,34,35,36,37,38,39,40,41,42,43,44,45,46,47) x 3
11/12 mixed_ja_en-p1024: teacher + candidate(layers=8,9,10,11,12,13,14,15,16,17,18,19,20,21,22,23,24,25,26,27,28,29,30,31,32,33,34,35,36,37,38,39,40,41,42,43,44,45,46,47) x 3
12/12 mixed_ja_en-p4096: teacher + candidate(layers=8,9,10,11,12,13,14,15,16,17,18,19,20,21,22,23,24,25,26,27,28,29,30,31,32,33,34,35,36,37,38,39,40,41,42,43,44,45,46,47) x 3
{
 "status": "invalid_or_screen_only",
 "measurement_valid": false,
 "hard_gates_passed": false,
 "mean_kl": 0.0008442579479550822,
 "p95_kl": 0.004073201346220899,
 "max_kl": 0.07296957962452304,
 "top1_rate": 0.9896640826873385,
 "repeat_deterministic": true,
 "blockers": [
  "calibrated quality thresholds"
 ],
 "output": "benchmarks/results/2026-09-17-q8-dense-wide-8-47-gate/artifact-layers8-47-4cat.json"
}
